{
  "version": "1.5.0",
  "plugins_used": [
    {
      "name": "ArtifactoryDetector"
    },
    {
      "name": "AWSKeyDetector"
    },
    {
      "name": "AzureStorageKeyDetector"
    },
    {
      "name": "Base64HighEntropyString",
      "limit": 4.5
    },
    {
      "name": "BasicAuthDetector"
    },
    {
      "name": "CloudantDetector"
    },
    {
      "name": "DiscordBotTokenDetector"
    },
    {
      "name": "GitHubTokenDetector"
    },
    {
      "name": "GitLabTokenDetector"
    },
    {
      "name": "HexHighEntropyString",
      "limit": 3.0
    },
    {
      "name": "IbmCloudIamDetector"
    },
    {
      "name": "IbmCosHmacDetector"
    },
    {
      "name": "IPPublicDetector"
    },
    {
      "name": "JwtTokenDetector"
    },
    {
      "name": "MailchimpDetector"
    },
    {
      "name": "NpmDetector"
    },
    {
      "name": "OpenAIDetector"
    },
    {
      "name": "PrivateKeyDetector"
    },
    {
      "name": "PypiTokenDetector"
    },
    {
      "name": "SendGridDetector"
    },
    {
      "name": "SlackDetector"
    },
    {
      "name": "SoftlayerDetector"
    },
    {
      "name": "SquareOAuthDetector"
    },
    {
      "name": "StripeDetector"
    },
    {
      "name": "TelegramBotTokenDetector"
    },
    {
      "name": "TwilioKeyDetector"
    }
  ],
  "filters_used": [
    {
      "path": "detect_secrets.filters.allowlist.is_line_allowlisted"
    },
    {
      "path": "detect_secrets.filters.common.is_ignored_due_to_verification_policies",
      "min_level": 2
    },
    {
      "path": "detect_secrets.filters.heuristic.is_indirect_reference"
    },
    {
      "path": "detect_secrets.filters.heuristic.is_likely_id_string"
    },
    {
      "path": "detect_secrets.filters.heuristic.is_lock_file"
    },
    {
      "path": "detect_secrets.filters.heuristic.is_not_alphanumeric_string"
    },
    {
      "path": "detect_secrets.filters.heuristic.is_potential_uuid"
    },
    {
      "path": "detect_secrets.filters.heuristic.is_prefixed_with_dollar_sign"
    },
    {
      "path": "detect_secrets.filters.heuristic.is_sequential_string"
    },
    {
      "path": "detect_secrets.filters.heuristic.is_swagger_file"
    },
    {
      "path": "detect_secrets.filters.heuristic.is_templated_secret"
    },
    {
      "path": "detect_secrets.filters.regex.should_exclude_file",
      "pattern": [
        "pyproject\\.toml|\\.github/workflows/config/\\.secrets\\.baseline|\\.oms\\.sig$"
      ]
    }
  ],
  "results": {
    "benchmarks/terminal_bench_4/manifest.json": [
      {
        "type": "Hex High Entropy String",
        "filename": "benchmarks/terminal_bench_4/manifest.json",
        "hashed_secret": "841e21c989b9a62a4c8b03826dea1278c5c2f808",
        "is_verified": false,
        "line_number": 4
      }
    ],
    "nemo_gym/token_id_capture/staging/conformance/golden_vectors.json": [
      {
        "type": "Hex High Entropy String",
        "filename": "nemo_gym/token_id_capture/staging/conformance/golden_vectors.json",
        "hashed_secret": "f7ba24f94926a8d4ddbf7eb5654d19fbbdce69ce",
        "is_verified": false,
        "line_number": 8
      },
      {
        "type": "Hex High Entropy String",
        "filename": "nemo_gym/token_id_capture/staging/conformance/golden_vectors.json",
        "hashed_secret": "7858159189faf7ae60c6d54bb5e8030934fe539f",
        "is_verified": false,
        "line_number": 28
      }
    ],
    "resources_servers/finance_sec_search/tests/data/edgar_baseline_sap500.json": [
      {
        "type": "Hex High Entropy String",
        "filename": "resources_servers/finance_sec_search/tests/data/edgar_baseline_sap500.json",
        "hashed_secret": "4aa25a91811c9d2be8f5023dd5db6c055ea685b1",
        "is_verified": false,
        "line_number": 7
      },
      {
        "type": "Hex High Entropy String",
        "filename": "resources_servers/finance_sec_search/tests/data/edgar_baseline_sap500.json",
        "hashed_secret": "52b588cc2a6d2f8adf6d0b9ae5a85cc0e1c7641c",
        "is_verified": false,
        "line_number": 13
      },
      {
        "type": "Hex High Entropy String",
        "filename": "resources_servers/finance_sec_search/tests/data/edgar_baseline_sap500.json",
        "hashed_secret": "7d3d3c3c75e2df526b8fe50a5ac5a3bdcdc73573",
        "is_verified": false,
        "line_number": 19
      },
      {
        "type": "Hex High Entropy String",
        "filename": "resources_servers/finance_sec_search/tests/data/edgar_baseline_sap500.json",
        "hashed_secret": "c101f9355c1b12b287f64434767b3ac16bf3b499",
        "is_verified": false,
        "line_number": 25
      },
      {
        "type": "Hex High Entropy String",
        "filename": "resources_servers/finance_sec_search/tests/data/edgar_baseline_sap500.json",
        "hashed_secret": "4283c676ca1cc3eab97552b6744b7ae07d9fd111",
        "is_verified": false,
        "line_number": 31
      },
      {
        "type": "Hex High Entropy String",
        "filename": "resources_servers/finance_sec_search/tests/data/edgar_baseline_sap500.json",
        "hashed_secret": "88918136b58003a746038f0a3fd0fa322df7969c",
        "is_verified": false,
        "line_number": 43
      },
      {
        "type": "Hex High Entropy String",
        "filename": "resources_servers/finance_sec_search/tests/data/edgar_baseline_sap500.json",
        "hashed_secret": "7f0efd532739cb2a097fb93f44766668cf3bef42",
        "is_verified": false,
        "line_number": 49
      },
      {
        "type": "Hex High Entropy String",
        "filename": "resources_servers/finance_sec_search/tests/data/edgar_baseline_sap500.json",
        "hashed_secret": "68927b0d491bbd7b77dcffa85b20e361815a8b9d",
        "is_verified": false,
        "line_number": 58
      },
      {
        "type": "Hex High Entropy String",
        "filename": "resources_servers/finance_sec_search/tests/data/edgar_baseline_sap500.json",
        "hashed_secret": "10d18de8047b5dbb33cdc22805302fca1a89e758",
        "is_verified": false,
        "line_number": 68
      },
      {
        "type": "Hex High Entropy String",
        "filename": "resources_servers/finance_sec_search/tests/data/edgar_baseline_sap500.json",
        "hashed_secret": "a15584c0161a3cbf3422abb8cd784ba6d667437d",
        "is_verified": false,
        "line_number": 77
      },
      {
        "type": "Hex High Entropy String",
        "filename": "resources_servers/finance_sec_search/tests/data/edgar_baseline_sap500.json",
        "hashed_secret": "5fc5deadaa1879157046c3888e9659560a5ec2e3",
        "is_verified": false,
        "line_number": 96
      },
      {
        "type": "Hex High Entropy String",
        "filename": "resources_servers/finance_sec_search/tests/data/edgar_baseline_sap500.json",
        "hashed_secret": "b73fb13b4b4541c6039dd931ac38bf7cae3d9aa3",
        "is_verified": false,
        "line_number": 108
      },
      {
        "type": "Hex High Entropy String",
        "filename": "resources_servers/finance_sec_search/tests/data/edgar_baseline_sap500.json",
        "hashed_secret": "3ff41c89370516953bb87e1399ce2bfc384336d0",
        "is_verified": false,
        "line_number": 116
      },
      {
        "type": "Hex High Entropy String",
        "filename": "resources_servers/finance_sec_search/tests/data/edgar_baseline_sap500.json",
        "hashed_secret": "42c251bba80adc1b673ee7386181b91667ba9361",
        "is_verified": false,
        "line_number": 130
      },
      {
        "type": "Hex High Entropy String",
        "filename": "resources_servers/finance_sec_search/tests/data/edgar_baseline_sap500.json",
        "hashed_secret": "c66d7596c393ae8678d242d73557f81d69233a17",
        "is_verified": false,
        "line_number": 137
      },
      {
        "type": "Hex High Entropy String",
        "filename": "resources_servers/finance_sec_search/tests/data/edgar_baseline_sap500.json",
        "hashed_secret": "faaafaaea281806efbf23d54e547b4969ecaac74",
        "is_verified": false,
        "line_number": 144
      },
      {
        "type": "Hex High Entropy String",
        "filename": "resources_servers/finance_sec_search/tests/data/edgar_baseline_sap500.json",
        "hashed_secret": "38c645c8356793880a4234613f9bc936b267184c",
        "is_verified": false,
        "line_number": 151
      },
      {
        "type": "Hex High Entropy String",
        "filename": "resources_servers/finance_sec_search/tests/data/edgar_baseline_sap500.json",
        "hashed_secret": "88965da038b0a90e5ed74baff1f5128bf7cfeb1f",
        "is_verified": false,
        "line_number": 167
      },
      {
        "type": "Hex High Entropy String",
        "filename": "resources_servers/finance_sec_search/tests/data/edgar_baseline_sap500.json",
        "hashed_secret": "b313adf1112cf6f865d00f2e1ee3d83a57c16005",
        "is_verified": false,
        "line_number": 194
      },
      {
        "type": "Hex High Entropy String",
        "filename": "resources_servers/finance_sec_search/tests/data/edgar_baseline_sap500.json",
        "hashed_secret": "25a32888723a10ef61f4973465554e00c75a1d90",
        "is_verified": false,
        "line_number": 207
      },
      {
        "type": "Hex High Entropy String",
        "filename": "resources_servers/finance_sec_search/tests/data/edgar_baseline_sap500.json",
        "hashed_secret": "5d8caee3b0effaf32a73502f059cab176abcec0c",
        "is_verified": false,
        "line_number": 215
      },
      {
        "type": "Hex High Entropy String",
        "filename": "resources_servers/finance_sec_search/tests/data/edgar_baseline_sap500.json",
        "hashed_secret": "30f10e6651c223827b29bb9f0109f03e442ba36f",
        "is_verified": false,
        "line_number": 224
      },
      {
        "type": "Hex High Entropy String",
        "filename": "resources_servers/finance_sec_search/tests/data/edgar_baseline_sap500.json",
        "hashed_secret": "776e4c44fed8b70230c317216b095c8bcaae97d1",
        "is_verified": false,
        "line_number": 230
      },
      {
        "type": "Hex High Entropy String",
        "filename": "resources_servers/finance_sec_search/tests/data/edgar_baseline_sap500.json",
        "hashed_secret": "41a85c383133b5d2667569b61db8759a727d4a24",
        "is_verified": false,
        "line_number": 236
      },
      {
        "type": "Hex High Entropy String",
        "filename": "resources_servers/finance_sec_search/tests/data/edgar_baseline_sap500.json",
        "hashed_secret": "fcc6435f7aaecc1cf58e3d7ac24634f644b41cd5",
        "is_verified": false,
        "line_number": 242
      },
      {
        "type": "Hex High Entropy String",
        "filename": "resources_servers/finance_sec_search/tests/data/edgar_baseline_sap500.json",
        "hashed_secret": "b1c8d4537ec4db6c9fd9c61a12a26f48ef7aa83c",
        "is_verified": false,
        "line_number": 248
      },
      {
        "type": "Hex High Entropy String",
        "filename": "resources_servers/finance_sec_search/tests/data/edgar_baseline_sap500.json",
        "hashed_secret": "2a0a3a61e4c88a5ba7248fcd8c8a824cc8b0926e",
        "is_verified": false,
        "line_number": 254
      },
      {
        "type": "Hex High Entropy String",
        "filename": "resources_servers/finance_sec_search/tests/data/edgar_baseline_sap500.json",
        "hashed_secret": "f5a367ae79e22e8dc21e3b4f56a99f4b773a112f",
        "is_verified": false,
        "line_number": 260
      },
      {
        "type": "Hex High Entropy String",
        "filename": "resources_servers/finance_sec_search/tests/data/edgar_baseline_sap500.json",
        "hashed_secret": "a76a8cbe2b4cc6ed71eee8319f8c0f64270cf61b",
        "is_verified": false,
        "line_number": 266
      },
      {
        "type": "Hex High Entropy String",
        "filename": "resources_servers/finance_sec_search/tests/data/edgar_baseline_sap500.json",
        "hashed_secret": "6bb2a0d2011065a9360077ace1d6e096146d7059",
        "is_verified": false,
        "line_number": 272
      },
      {
        "type": "Hex High Entropy String",
        "filename": "resources_servers/finance_sec_search/tests/data/edgar_baseline_sap500.json",
        "hashed_secret": "e29d392a7c829f274bbafc76b97dd70e411ca7a7",
        "is_verified": false,
        "line_number": 278
      },
      {
        "type": "Hex High Entropy String",
        "filename": "resources_servers/finance_sec_search/tests/data/edgar_baseline_sap500.json",
        "hashed_secret": "de2de10a95e6453c47b45b875794a02209050ecb",
        "is_verified": false,
        "line_number": 284
      },
      {
        "type": "Hex High Entropy String",
        "filename": "resources_servers/finance_sec_search/tests/data/edgar_baseline_sap500.json",
        "hashed_secret": "1cbc5635d82046296ae2eae0ecfa75c5935d4646",
        "is_verified": false,
        "line_number": 290
      },
      {
        "type": "Hex High Entropy String",
        "filename": "resources_servers/finance_sec_search/tests/data/edgar_baseline_sap500.json",
        "hashed_secret": "bea5ff932951163134e422290013ff4a870259a7",
        "is_verified": false,
        "line_number": 296
      },
      {
        "type": "Hex High Entropy String",
        "filename": "resources_servers/finance_sec_search/tests/data/edgar_baseline_sap500.json",
        "hashed_secret": "97801c3c1f36837a669509c68e03a8491daa8fc5",
        "is_verified": false,
        "line_number": 302
      },
      {
        "type": "Hex High Entropy String",
        "filename": "resources_servers/finance_sec_search/tests/data/edgar_baseline_sap500.json",
        "hashed_secret": "28210d3ae18106dd8d779fc826072b4c582c27c3",
        "is_verified": false,
        "line_number": 308
      },
      {
        "type": "Hex High Entropy String",
        "filename": "resources_servers/finance_sec_search/tests/data/edgar_baseline_sap500.json",
        "hashed_secret": "615eda9711789c05baa5aff5355dd1fcad0f80a0",
        "is_verified": false,
        "line_number": 314
      },
      {
        "type": "Hex High Entropy String",
        "filename": "resources_servers/finance_sec_search/tests/data/edgar_baseline_sap500.json",
        "hashed_secret": "4ab1089e4049a0ee1f30d173c153d50a473df194",
        "is_verified": false,
        "line_number": 320
      },
      {
        "type": "Hex High Entropy String",
        "filename": "resources_servers/finance_sec_search/tests/data/edgar_baseline_sap500.json",
        "hashed_secret": "a5dcd8713616e8eaea9a87f6cfc7274d760d9075",
        "is_verified": false,
        "line_number": 326
      },
      {
        "type": "Hex High Entropy String",
        "filename": "resources_servers/finance_sec_search/tests/data/edgar_baseline_sap500.json",
        "hashed_secret": "6cbac91a314ca3088a5d7dd93be341aef94ad512",
        "is_verified": false,
        "line_number": 332
      },
      {
        "type": "Hex High Entropy String",
        "filename": "resources_servers/finance_sec_search/tests/data/edgar_baseline_sap500.json",
        "hashed_secret": "3b66434b23244a19264dbbea0b5f65c35765bdcb",
        "is_verified": false,
        "line_number": 338
      },
      {
        "type": "Hex High Entropy String",
        "filename": "resources_servers/finance_sec_search/tests/data/edgar_baseline_sap500.json",
        "hashed_secret": "80cfeca408f95a80deeb5e0355151a438ea66d50",
        "is_verified": false,
        "line_number": 344
      },
      {
        "type": "Hex High Entropy String",
        "filename": "resources_servers/finance_sec_search/tests/data/edgar_baseline_sap500.json",
        "hashed_secret": "2e82748b03033f617c66f63dd5bc138bd9f19ffc",
        "is_verified": false,
        "line_number": 350
      },
      {
        "type": "Hex High Entropy String",
        "filename": "resources_servers/finance_sec_search/tests/data/edgar_baseline_sap500.json",
        "hashed_secret": "7caca57a2a0100f71f97086d93cfd16d2ae0ea34",
        "is_verified": false,
        "line_number": 356
      },
      {
        "type": "Hex High Entropy String",
        "filename": "resources_servers/finance_sec_search/tests/data/edgar_baseline_sap500.json",
        "hashed_secret": "58abe98b8d730e75032e9aeaeca9d9a3b2ab09f0",
        "is_verified": false,
        "line_number": 362
      },
      {
        "type": "Hex High Entropy String",
        "filename": "resources_servers/finance_sec_search/tests/data/edgar_baseline_sap500.json",
        "hashed_secret": "6421018a33e0ef7471b8fe9faebe3aff74f3c887",
        "is_verified": false,
        "line_number": 368
      },
      {
        "type": "Hex High Entropy String",
        "filename": "resources_servers/finance_sec_search/tests/data/edgar_baseline_sap500.json",
        "hashed_secret": "b01efbd7c5b9c1138287028ea32759d45b9df567",
        "is_verified": false,
        "line_number": 374
      },
      {
        "type": "Hex High Entropy String",
        "filename": "resources_servers/finance_sec_search/tests/data/edgar_baseline_sap500.json",
        "hashed_secret": "1055ff17c27457b374d3a1a9647ac94aebaa9202",
        "is_verified": false,
        "line_number": 380
      },
      {
        "type": "Hex High Entropy String",
        "filename": "resources_servers/finance_sec_search/tests/data/edgar_baseline_sap500.json",
        "hashed_secret": "b21ba074df65cc895a9272e148bb0a43049f7058",
        "is_verified": false,
        "line_number": 386
      },
      {
        "type": "Hex High Entropy String",
        "filename": "resources_servers/finance_sec_search/tests/data/edgar_baseline_sap500.json",
        "hashed_secret": "b0faeb101384a7f2c2f925beb73c90e3610a9558",
        "is_verified": false,
        "line_number": 392
      },
      {
        "type": "Hex High Entropy String",
        "filename": "resources_servers/finance_sec_search/tests/data/edgar_baseline_sap500.json",
        "hashed_secret": "7988c6adda6110ac96051369ef8afb86128d0257",
        "is_verified": false,
        "line_number": 398
      },
      {
        "type": "Hex High Entropy String",
        "filename": "resources_servers/finance_sec_search/tests/data/edgar_baseline_sap500.json",
        "hashed_secret": "ffe48ffbc867e18041cb2b3ca0997ab6335ca925",
        "is_verified": false,
        "line_number": 404
      },
      {
        "type": "Hex High Entropy String",
        "filename": "resources_servers/finance_sec_search/tests/data/edgar_baseline_sap500.json",
        "hashed_secret": "1adb5d710dc98e4dbb9b0f090a45aaae4ee36519",
        "is_verified": false,
        "line_number": 410
      },
      {
        "type": "Hex High Entropy String",
        "filename": "resources_servers/finance_sec_search/tests/data/edgar_baseline_sap500.json",
        "hashed_secret": "064348590c6baa8abd9537bec06c866f6fb4b522",
        "is_verified": false,
        "line_number": 416
      },
      {
        "type": "Hex High Entropy String",
        "filename": "resources_servers/finance_sec_search/tests/data/edgar_baseline_sap500.json",
        "hashed_secret": "2a51e85217df7f059fe7af0dd804499cc7ef177d",
        "is_verified": false,
        "line_number": 423
      }
    ],
    "resources_servers/finance_sec_search/tests/data/edgar_baseline_synthetic.json": [
      {
        "type": "Hex High Entropy String",
        "filename": "resources_servers/finance_sec_search/tests/data/edgar_baseline_synthetic.json",
        "hashed_secret": "0b90f2f8e4c369ef5c227b232b2a20d319ce350f",
        "is_verified": false,
        "line_number": 7
      },
      {
        "type": "Hex High Entropy String",
        "filename": "resources_servers/finance_sec_search/tests/data/edgar_baseline_synthetic.json",
        "hashed_secret": "6d4e1153eefd8add00ea5f61f1a1c10ac3ce9423",
        "is_verified": false,
        "line_number": 13
      },
      {
        "type": "Hex High Entropy String",
        "filename": "resources_servers/finance_sec_search/tests/data/edgar_baseline_synthetic.json",
        "hashed_secret": "6afc416513fc64637dea0c431a6b714f9d6c4355",
        "is_verified": false,
        "line_number": 31
      },
      {
        "type": "Hex High Entropy String",
        "filename": "resources_servers/finance_sec_search/tests/data/edgar_baseline_synthetic.json",
        "hashed_secret": "3f9252d60795e0ba9b6cfaf662df8e3d2cbd65b4",
        "is_verified": false,
        "line_number": 49
      },
      {
        "type": "Hex High Entropy String",
        "filename": "resources_servers/finance_sec_search/tests/data/edgar_baseline_synthetic.json",
        "hashed_secret": "439f42ffbd8c6ae8d7beee867b7819eb2fe05d6e",
        "is_verified": false,
        "line_number": 58
      },
      {
        "type": "Hex High Entropy String",
        "filename": "resources_servers/finance_sec_search/tests/data/edgar_baseline_synthetic.json",
        "hashed_secret": "6915fc4a808ba74a4cf5beec7dbcb33bad4ad70d",
        "is_verified": false,
        "line_number": 77
      },
      {
        "type": "Hex High Entropy String",
        "filename": "resources_servers/finance_sec_search/tests/data/edgar_baseline_synthetic.json",
        "hashed_secret": "d0f581d70fecd922126067f0489d1f133e6cade2",
        "is_verified": false,
        "line_number": 96
      },
      {
        "type": "Hex High Entropy String",
        "filename": "resources_servers/finance_sec_search/tests/data/edgar_baseline_synthetic.json",
        "hashed_secret": "2aeec1206c8f0f2bbfd162881262f392e63f789d",
        "is_verified": false,
        "line_number": 108
      },
      {
        "type": "Hex High Entropy String",
        "filename": "resources_servers/finance_sec_search/tests/data/edgar_baseline_synthetic.json",
        "hashed_secret": "0d28021e3692d167750507328a4d128445a9d9dd",
        "is_verified": false,
        "line_number": 116
      },
      {
        "type": "Hex High Entropy String",
        "filename": "resources_servers/finance_sec_search/tests/data/edgar_baseline_synthetic.json",
        "hashed_secret": "ae62be5ef3ccd9c4d57521669db6c4ef57a251e7",
        "is_verified": false,
        "line_number": 151
      },
      {
        "type": "Hex High Entropy String",
        "filename": "resources_servers/finance_sec_search/tests/data/edgar_baseline_synthetic.json",
        "hashed_secret": "7a34d11e5c8fd6e10042e4bde95fbf6ff2834f4c",
        "is_verified": false,
        "line_number": 167
      },
      {
        "type": "Hex High Entropy String",
        "filename": "resources_servers/finance_sec_search/tests/data/edgar_baseline_synthetic.json",
        "hashed_secret": "b313adf1112cf6f865d00f2e1ee3d83a57c16005",
        "is_verified": false,
        "line_number": 194
      },
      {
        "type": "Hex High Entropy String",
        "filename": "resources_servers/finance_sec_search/tests/data/edgar_baseline_synthetic.json",
        "hashed_secret": "25a32888723a10ef61f4973465554e00c75a1d90",
        "is_verified": false,
        "line_number": 207
      },
      {
        "type": "Hex High Entropy String",
        "filename": "resources_servers/finance_sec_search/tests/data/edgar_baseline_synthetic.json",
        "hashed_secret": "5d8caee3b0effaf32a73502f059cab176abcec0c",
        "is_verified": false,
        "line_number": 215
      },
      {
        "type": "Hex High Entropy String",
        "filename": "resources_servers/finance_sec_search/tests/data/edgar_baseline_synthetic.json",
        "hashed_secret": "30f10e6651c223827b29bb9f0109f03e442ba36f",
        "is_verified": false,
        "line_number": 224
      },
      {
        "type": "Hex High Entropy String",
        "filename": "resources_servers/finance_sec_search/tests/data/edgar_baseline_synthetic.json",
        "hashed_secret": "776e4c44fed8b70230c317216b095c8bcaae97d1",
        "is_verified": false,
        "line_number": 230
      },
      {
        "type": "Hex High Entropy String",
        "filename": "resources_servers/finance_sec_search/tests/data/edgar_baseline_synthetic.json",
        "hashed_secret": "41a85c383133b5d2667569b61db8759a727d4a24",
        "is_verified": false,
        "line_number": 236
      },
      {
        "type": "Hex High Entropy String",
        "filename": "resources_servers/finance_sec_search/tests/data/edgar_baseline_synthetic.json",
        "hashed_secret": "fcc6435f7aaecc1cf58e3d7ac24634f644b41cd5",
        "is_verified": false,
        "line_number": 242
      },
      {
        "type": "Hex High Entropy String",
        "filename": "resources_servers/finance_sec_search/tests/data/edgar_baseline_synthetic.json",
        "hashed_secret": "b1c8d4537ec4db6c9fd9c61a12a26f48ef7aa83c",
        "is_verified": false,
        "line_number": 248
      },
      {
        "type": "Hex High Entropy String",
        "filename": "resources_servers/finance_sec_search/tests/data/edgar_baseline_synthetic.json",
        "hashed_secret": "2a0a3a61e4c88a5ba7248fcd8c8a824cc8b0926e",
        "is_verified": false,
        "line_number": 254
      },
      {
        "type": "Hex High Entropy String",
        "filename": "resources_servers/finance_sec_search/tests/data/edgar_baseline_synthetic.json",
        "hashed_secret": "f5a367ae79e22e8dc21e3b4f56a99f4b773a112f",
        "is_verified": false,
        "line_number": 260
      },
      {
        "type": "Hex High Entropy String",
        "filename": "resources_servers/finance_sec_search/tests/data/edgar_baseline_synthetic.json",
        "hashed_secret": "a76a8cbe2b4cc6ed71eee8319f8c0f64270cf61b",
        "is_verified": false,
        "line_number": 266
      },
      {
        "type": "Hex High Entropy String",
        "filename": "resources_servers/finance_sec_search/tests/data/edgar_baseline_synthetic.json",
        "hashed_secret": "ece5ef3c9873524b5a1e5549904e9605d8c1ebb9",
        "is_verified": false,
        "line_number": 272
      },
      {
        "type": "Hex High Entropy String",
        "filename": "resources_servers/finance_sec_search/tests/data/edgar_baseline_synthetic.json",
        "hashed_secret": "a5b572c5666ab838dc9c91b09843eb17ef0cbc6b",
        "is_verified": false,
        "line_number": 278
      },
      {
        "type": "Hex High Entropy String",
        "filename": "resources_servers/finance_sec_search/tests/data/edgar_baseline_synthetic.json",
        "hashed_secret": "41523625c100457b86d5b5aee43b9d74053abe50",
        "is_verified": false,
        "line_number": 284
      },
      {
        "type": "Hex High Entropy String",
        "filename": "resources_servers/finance_sec_search/tests/data/edgar_baseline_synthetic.json",
        "hashed_secret": "9c0e54710723e3cdb07fe1192ab3a4b44424b0e9",
        "is_verified": false,
        "line_number": 290
      },
      {
        "type": "Hex High Entropy String",
        "filename": "resources_servers/finance_sec_search/tests/data/edgar_baseline_synthetic.json",
        "hashed_secret": "ffc2ae440649ccf62c73216dda47a1f403b9f5f5",
        "is_verified": false,
        "line_number": 296
      },
      {
        "type": "Hex High Entropy String",
        "filename": "resources_servers/finance_sec_search/tests/data/edgar_baseline_synthetic.json",
        "hashed_secret": "0244c823156fd69b811f763236898991f0209a19",
        "is_verified": false,
        "line_number": 302
      },
      {
        "type": "Hex High Entropy String",
        "filename": "resources_servers/finance_sec_search/tests/data/edgar_baseline_synthetic.json",
        "hashed_secret": "a0a649af8b6dc2dca5de310826bcba3b70de24d0",
        "is_verified": false,
        "line_number": 308
      },
      {
        "type": "Hex High Entropy String",
        "filename": "resources_servers/finance_sec_search/tests/data/edgar_baseline_synthetic.json",
        "hashed_secret": "63f1981dfac82a5dcf3d751c55d8f789a3399296",
        "is_verified": false,
        "line_number": 315
      }
    ],
    "resources_servers/terminal_bench_4/task.py": [
      {
        "type": "Base64 High Entropy String",
        "filename": "resources_servers/terminal_bench_4/task.py",
        "hashed_secret": "6efaabfdf7a85c40feb7bcd2b149e965fe345fbb",
        "is_verified": false,
        "line_number": 283
      }
    ]
  },
  "generated_at": "2026-09-22T23:27:58Z"
}
